// Jest Snapshot v1, https://goo.gl/fbAQLP

exports[`renders the UI as expected 1`] = `
<div
  className="hold-detail"
>
  <div
    className="hold-detail-header"
  >
    <div
      className="hold-date"
    />
    <div
      className="event-title-contact"
    >
      <div
        className="event-title-status"
      >
        <div
          className="title-support"
        >
          <div
            className="event-title"
          />
          <div
            className="event-support"
          >
             / 
             / 
          </div>
        </div>
        <div
          className="order-status"
        >
          <div
            className="hold-order"
          >
            H
          </div>
          <div
            id="challenged"
          />
        </div>
      </div>
      <div
        className="event-contact"
      >
        <div
          className="name-category-organization"
        >
          <div
            className="contact-name"
          >
             
          </div>
          <div
            className="contact-category"
          />
          <div
            className="organization"
          />
        </div>
        <div
          className="email-phone-address-org"
        >
          <div
            className="email"
          />
          <div
            className="phone"
          />
          <div
            className="address"
          >
            <div
              className="address-1"
            />
            <div
              className="address-2"
            />
            <div
              className="city-zip"
            >
               
            </div>
          </div>
        </div>
      </div>
    </div>
  </div>
  <div
    className="hold-notes-container"
  >
    <div
      className="hold-notes"
    />
  </div>
  <div
    className="status-button-container"
  >
    <a
      href="mailto:undefined?subject=Hold%20for%20undefined%20has%20been%20confirmed&body=Hi%20undefined,%0D%0A%0D%0AThis%20is%20a%20courtesy%20note%20to%20let%20you%20know%20your%20undefinedH%20on%20undefined%20for%20undefined%20has%20been%20confirmed."
    >
      <button
        className="status-button"
        id="held"
        onClick={[Function]}
      >
        HOLD
      </button>
    </a>
    <a
      href="mailto:undefined?subject=Hold%20for%20undefined%20has%20been%20challenged&body=Hi%20undefined,%0D%0A%0D%0AThis%20is%20a%20courtesy%20note%20to%20let%20you%20know%20your%20undefinedH%20on%20undefined%20for%20undefined%20has%20been%20challenged."
    >
      <button
        className="status-button"
        id="challenged"
        onClick={[Function]}
      >
        CHALLENGE
      </button>
    </a>
    <a
      href="mailto:undefined?subject=Offer%20attached%20for%20undefined%20on%20undefined&body=Hi%20undefined,%0D%0A%0D%0AI%20have%20attached%20an%20offer%20for%20undefined%20on%20undefined.%0D%0A%0D%0APlease%20reply%20within%2048%20hours%20to%20confirm,%20counter,%20or%20release."
    >
      <button
        className="status-button"
        id="offered"
        onClick={[Function]}
      >
        OFFER
      </button>
    </a>
    <a
      href="mailto:undefined?subject=Confirming%20undefined%20for%20undefined&body=Hi%20undefined,%0D%0A%0D%0Aundefined%20has%20been%20confirmed%20for%20undefined.%20If%20you%20have%20any%20concerns%20or%20questions,%20please%20contact%20us%20immediately."
    >
      <button
        className="status-button"
        id="confirmed"
        onClick={[Function]}
      >
        CONFIRM
      </button>
    </a>
    <a
      href="mailto:undefined?subject=Hold%20for%20undefined%20has%20been%20released&body=Hi%20undefined,%0D%0A%0D%0AThis%20is%20a%20courtesy%20note%20to%20let%20you%20know%20your%20undefinedH%20on%20undefined%20for%20undefined%20has%20been%20released."
    >
      <button
        className="status-button"
        id="released"
        onClick={[Function]}
      >
        RELEASE
      </button>
    </a>
  </div>
  <div
    className="music-icons-container"
  >
    <a>
      <div
        className="music-logo"
        id="spotify"
      >
        <img
          src="spotify-logo.png"
        />
      </div>
    </a>
    <a>
      <div
        className="music-logo"
        id="youtube"
      >
        <img
          src="youtube-logo.png"
        />
      </div>
    </a>
    <a>
      <div
        className="music-logo"
        id="facebook"
      >
        <img
          src="facebook-logo.png"
        />
      </div>
    </a>
    <a>
      <div
        className="music-logo"
        id="bandcamp"
      >
        <img
          src="bandcamp-logo.png"
        />
      </div>
    </a>
    <a>
      <div
        className="music-logo"
        id="website"
      >
        SITE
      </div>
    </a>
  </div>
</div>
`;
